// Jest Snapshot v1, https://goo.gl/fbAQLP

exports[`mounts 1`] = `
<div
  class="autoScalingText"
  style="transform: scale(1,1);"
/>
`;
